[INFO] Scanning for projects...
[INFO] 
[INFO] ---------------< com.littlesteps:playschool-management >----------------
[INFO] Building playschool-management 1.0.0
[INFO]   from pom.xml
[INFO] --------------------------------[ jar ]---------------------------------
[INFO] 
[INFO] --- clean:3.3.2:clean (default-clean) @ playschool-management ---
[INFO] Deleting D:\playschool\backend\target
[INFO] 
[INFO] --- resources:3.3.1:resources (default-resources) @ playschool-management ---
[INFO] Copying 1 resource from src\main\resources to target\classes
[INFO] Copying 0 resource from src\main\resources to target\classes
[INFO] 
[INFO] --- compiler:3.13.0:compile (default-compile) @ playschool-management ---
[INFO] Recompiling the module because of changed source code.
[INFO] Compiling 162 source files with javac [debug parameters release 21] to target\classes
[INFO] Annotation processing is enabled because one or more processors were found
  on the class path. A future release of javac may disable annotation processing
  unless at least one processor is specified by name (-processor), or a search
  path is specified (--processor-path, --processor-module-path), or annotation
  processing is enabled explicitly (-proc:only, -proc:full).
  Use -Xlint:-options to suppress this message.
  Use -proc:none to disable annotation processing.
[INFO] -------------------------------------------------------------
[ERROR] COMPILATION ERROR : 
[INFO] -------------------------------------------------------------
[ERROR] /D:/playschool/backend/src/main/java/com/littlesteps/playschool/controller/StudentController.java:[91,27] cannot find symbol
  symbol:   method restoreStudent(java.lang.String)
  location: variable studentService of type com.littlesteps.playschool.service.StudentService
[INFO] 1 error
[INFO] -------------------------------------------------------------
[INFO] ------------------------------------------------------------------------
[INFO] BUILD FAILURE
[INFO] ------------------------------------------------------------------------
[INFO] Total time:  8.077 s
[INFO] Finished at: 2026-02-27T20:41:41+05:30
[INFO] ------------------------------------------------------------------------
[ERROR] Failed to execute goal org.apache.maven.plugins:maven-compiler-plugin:3.13.0:compile (default-compile) on project playschool-management: Compilation failure
[ERROR] /D:/playschool/backend/src/main/java/com/littlesteps/playschool/controller/StudentController.java:[91,27] cannot find symbol
[ERROR]   symbol:   method restoreStudent(java.lang.String)
[ERROR]   location: variable studentService of type com.littlesteps.playschool.service.StudentService
[ERROR] 
[ERROR] -> [Help 1]
[ERROR] 
[ERROR] To see the full stack trace of the errors, re-run Maven with the -e switch.
[ERROR] Re-run Maven using the -X switch to enable full debug logging.
[ERROR] 
[ERROR] For more information about the errors and possible solutions, please read the following articles:
[ERROR] [Help 1] http://cwiki.apache.org/confluence/display/MAVEN/MojoFailureException
